################################################################################
#                                                                              #
#      IAR Universal Linker V6.4.6.89                                          #
#                                                                              #
#           Link time     =  21/Jan/2018  21:24:25                             #
#           Target CPU    =  x51                                               #
#           List file     =  "C:\Users\Bico\Desktop\IAR 8051 C++\LowLevelLibra #
#                            ry\Release\List\LowLevelLibrary.map"              #
#           Output file 1 =  "C:\Users\Bico\Desktop\IAR 8051 C++\LowLevelLibra #
#                            ry\Release\Exe\LowLevelLibrary.hex"               #
#                            Format: intel-extended                            #
#           Command line  =  -f C:\Users\Bico\AppData\Local\Temp\EW7992.tmp    #
#                            ("C:\Users\Bico\Desktop\IAR 8051 C++\LowLevelLibr #
#                            ary\Release\Obj\ADC.r51"                          #
#                            "C:\Users\Bico\Desktop\IAR 8051 C++\LowLevelLibra #
#                            ry\Release\Obj\ExINT.r51"                         #
#                            "C:\Users\Bico\Desktop\IAR 8051 C++\LowLevelLibra #
#                            ry\Release\Obj\Generic.r51"                       #
#                            "C:\Users\Bico\Desktop\IAR 8051 C++\LowLevelLibra #
#                            ry\Release\Obj\GlobalINT.r51"                     #
#                            "C:\Users\Bico\Desktop\IAR 8051 C++\LowLevelLibra #
#                            ry\Release\Obj\GPIO.r51"                          #
#                            "C:\Users\Bico\Desktop\IAR 8051 C++\LowLevelLibra #
#                            ry\Release\Obj\main.r51"                          #
#                            "C:\Users\Bico\Desktop\IAR 8051 C++\LowLevelLibra #
#                            ry\Release\Obj\UART.r51"                          #
#                            -o                                                #
#                            "C:\Users\Bico\Desktop\IAR 8051 C++\LowLevelLibra #
#                            ry\Release\Exe\LowLevelLibrary.hex"               #
#                            -Fintel-extended -l                               #
#                            "C:\Users\Bico\Desktop\IAR 8051 C++\LowLevelLibra #
#                            ry\Release\List\LowLevelLibrary.map"              #
#                            -xms                                              #
#                            "-IC:\Program Files (x86)\IAR Systems\Embedded Wo #
#                            rkbench 8.0\8051\LIB\"                            #
#                            -f                                                #
#                            "C:\Program Files (x86)\IAR Systems\Embedded Work #
#                            bench 8.0\8051\config\devices\Texas Instruments\l #
#                            nk51ew_CC2530F256_banked.xcl"                     #
#                            (-D_IDATA0_START=0x00 -D_IDATA0_END=0xFF          #
#                            -D_PDATA0_START=0x1E00 -D_PDATA0_END=0x1EFF       #
#                            -D_IXDATA0_START=0x0001 -D_IXDATA0_END=0x1EFF     #
#                            -D_XDATA0_START=_IXDATA0_START                    #
#                            -D_XDATA0_END=_IXDATA0_END                        #
#                            -D_NEAR_CODE_START=0x0000                         #
#                            -D_FIRST_BANK_ADDR=0x10000 -D?REGISTER_BANK=0x0   #
#                            -D_REGISTER_BANK_START=0x0 -D_BREG_START=0x00     #
#                            -D?VB=0x20 -Z(BIT)BREG=_BREG_START                #
#                            -Z(BIT)BIT_N=0-7F                                 #
#                            -Z(DATA)REGISTERS+8=_REGISTER_BANK_START          #
#                            -Z(DATA)BDATA_Z,BDATA_N,BDATA_I=20-2F             #
#                            -Z(DATA)VREG=08-7F -Z(DATA)PSP,XSP=08-7F          #
#                            -Z(DATA)DOVERLAY=08-7F                            #
#                            -Z(DATA)DATA_I,DATA_Z,DATA_N=08-7F                #
#                            -U(IDATA)0-7F=(DATA)0-7F                          #
#                            -Z(IDATA)IDATA_I,IDATA_Z,IDATA_N=08-_IDATA0_END   #
#                            -Z(IDATA)ISTACK+_IDATA_STACK_SIZE#08-_IDATA0_END  #
#                            -Z(IDATA)IOVERLAY=08-FF -Z(CODE)INTVEC=0          #
#                            -Z(CODE)CSTART=_NEAR_CODE_START-(_CODEBANK_START- #
#                            1)                                                #
#                            -Z(CODE)BIT_ID,BDATA_ID,DATA_ID,IDATA_ID,IXDATA_I #
#                            D,PDATA_ID,XDATA_ID=_NEAR_CODE_START-(_CODEBANK_S #
#                            TART-1)                                           #
#                            -Z(CODE)BANK_RELAYS,RCODE,DIFUNCT,CODE_C,CODE_N,N #
#                            EAR_CODE=_NEAR_CODE_START-(_CODEBANK_START-1)     #
#                            -P(CODE)BANKED_CODE=_NEAR_CODE_START-(_CODEBANK_S #
#                            TART-1),[(_CODEBANK_START+_FIRST_BANK_ADDR)-(_COD #
#                            EBANK_END+_FIRST_BANK_ADDR)]*_NR_OF_BANKS+10000   #
#                            -Z(CODE)CHECKSUM#(_CODEBANK_START-1)              #
#                            -Z(XDATA)PDATA_Z,PDATA_I=_PDATA0_START-_PDATA0_EN #
#                            D                                                 #
#                            -P(XDATA)PDATA_N=_PDATA0_START-_PDATA0_END        #
#                            -Z(XDATA)PSTACK+_PDATA_STACK_SIZE=_PDATA0_START-_ #
#                            PDATA0_END                                        #
#                            -Z(XDATA)EXT_STACK+_EXTENDED_STACK_SIZE=_EXTENDED #
#                            _STACK_START                                      #
#                            -Z(XDATA)XSTACK+_XDATA_STACK_SIZE=_XDATA0_START-_ #
#                            XDATA0_END                                        #
#                            -Z(XDATA)IXDATA_Z,IXDATA_I=_IXDATA0_START-_IXDATA #
#                            0_END                                             #
#                            -P(XDATA)IXDATA_N=_IXDATA0_START-_IXDATA0_END     #
#                            -Z(XDATA)XDATA_Z,XDATA_I=_XDATA0_START-_XDATA0_EN #
#                            D                                                 #
#                            -P(XDATA)XDATA_N=_XDATA0_START-_XDATA0_END        #
#                            -Z(XDATA)XDATA_HEAP+_XDATA_HEAP_SIZE=_XDATA0_STAR #
#                            T-_XDATA0_END                                     #
#                            -Z(CONST)XDATA_ROM_C=_XDATA0_START-_XDATA0_END    #
#                            -cx51                                             #
#                            -M(CODE)[(_CODEBANK_START+_FIRST_BANK_ADDR)-(_COD #
#                            EBANK_END+_FIRST_BANK_ADDR)]*_NR_OF_BANKS+0x10000 #
#                            =0x8000                                           #
#                            -ww69=i -D_BANK0_START=0x00000                    #
#                            -D_BANK0_END=0x07FFF -D_BANK1_START=0x18000       #
#                            -D_BANK1_END=0x1FFFF -D_BANK2_START=0x28000       #
#                            -D_BANK2_END=0x2FFFF -D_BANK3_START=0x38000       #
#                            -D_BANK3_END=0x3FFFF -D_BANK4_START=0x48000       #
#                            -D_BANK4_END=0x4FFFF -D_BANK5_START=0x58000       #
#                            -D_BANK5_END=0x5FFFF -D_BANK6_START=0x68000       #
#                            -D_BANK6_END=0x6FFFF -D_BANK7_START=0x78000       #
#                            -D_BANK7_END=0x7FFFF                              #
#                            -P(CODE)BANK0=_BANK0_START-_BANK0_END             #
#                            -P(CODE)BANK1=_BANK1_START-_BANK1_END             #
#                            -P(CODE)BANK2=_BANK2_START-_BANK2_END             #
#                            -P(CODE)BANK3=_BANK3_START-_BANK3_END             #
#                            -P(CODE)BANK4=_BANK4_START-_BANK4_END             #
#                            -P(CODE)BANK5=_BANK5_START-_BANK5_END             #
#                            -P(CODE)BANK6=_BANK6_START-_BANK6_END             #
#                            -P(CODE)BANK7=_BANK7_START-_BANK7_END             #
#                            -D_FLASH_LOCK_BITS_START=0x7FFF0                  #
#                            -D_FLASH_LOCK_BITS_END=0x7FFFF                    #
#                            -Z(CODE)FLASH_LOCK_BITS=_FLASH_LOCK_BITS_START-_F #
#                            LASH_LOCK_BITS_END                                #
#                            -U(CODE)0x0000=(CODE)_FLASH_LOCK_BITS_START-_FLAS #
#                            H_LOCK_BITS_END)                                  #
#                            "-IC:\Program Files (x86)\IAR Systems\Embedded Wo #
#                            rkbench 8.0\8051\CONFIG\"                         #
#                            -D_NR_OF_VIRTUAL_REGISTERS=8 -D?PBANK=0x93        #
#                            -D?CBANK=0x9F -D?CBANK_MASK=0xFF                  #
#                            -e?BCALL_FF=?BCALL -e?BRET_FF=?BRET               #
#                            -e?BDISPATCH_FF=?BDISPATCH                        #
#                            -D_CODEBANK_START=0x8000 -D_CODEBANK_END=0xFFFF   #
#                            -D_NR_OF_BANKS=0x07 -s __program_start            #
#                            "C:\Program Files (x86)\IAR Systems\Embedded Work #
#                            bench 8.0\8051\LIB\DLIB\dl-pli-blxd-1e16x01n.r51" #
#                            -D_IDATA_STACK_SIZE=0x40 -D?ESP=0 -D?ESP_MASK=0   #
#                            -D_EXTENDED_STACK_START=0                         #
#                            -D_EXTENDED_STACK_SIZE=0                          #
#                            -D_PDATA_STACK_SIZE=0x80                          #
#                            -D_XDATA_STACK_SIZE=0xFFF                         #
#                            -D_XDATA_HEAP_SIZE=0xFF -D_FAR_HEAP_SIZE=0xFFF    #
#                            -D_HUGE_HEAP_SIZE=0xFFF                           #
#                            -D_FAR22_HEAP_SIZE=0xFFF)                         #
#                                                                              #
#                           Copyright (C) 1987-2016 IAR Systems AB.            #
################################################################################





                ****************************************
                *                                      *
                *           CROSS REFERENCE            *
                *                                      *
                ****************************************

       Program entry at : CODE      0000006D  Relocatable, from module : CSTARTUP




                ****************************************
                *                                      *
                *            RUNTIME MODEL             *
                *                                      *
                ****************************************

  __Heap_Handler             = Basic
  __SystemLibrary            = DLib
  __calling_convention       = xdata_reentrant
  __code_model               = banked
  __core                     = plain
  __data_model               = large
  __dlib_file_descriptor     = 0
  __dlib_full_locale_support = 0
  __dptr_size                = 16
  __extended_stack           = disabled
  __location_for_constants   = data
  __number_of_dptrs          = 1
  __register_banks           = *
  __rt_version               = 1

                ****************************************
                *                                      *
                *    AUTOMATIC SYMBOL REDIRECTIONS     *
                *                                      *
                ****************************************

                  There are no automatic symbol redirections.



                ****************************************
                *                                      *
                *              MODULE MAP              *
                *                                      *
                ****************************************


  DEFINED ABSOLUTE ENTRIES
    *************************************************************************

  DEFINED ABSOLUTE ENTRIES
  PROGRAM MODULE, NAME : ?ABS_ENTRY_MOD

Absolute parts
           ENTRY                   ADDRESS         REF BY
           =====                   =======         ======
           _FAR22_HEAP_SIZE        00000FFF 
           _HUGE_HEAP_SIZE         00000FFF 
           _FAR_HEAP_SIZE          00000FFF 
           _XDATA_HEAP_SIZE        000000FF 
           _XDATA_STACK_SIZE       00000FFF 
           _PDATA_STACK_SIZE       00000080 
           _EXTENDED_STACK_SIZE    00000000 
           _EXTENDED_STACK_START   00000000 
           ?ESP_MASK               00000000 
           ?ESP                    00000000 
           _IDATA_STACK_SIZE       00000040 
           _NR_OF_BANKS            00000007 
           _CODEBANK_END           0000FFFF 
           _CODEBANK_START         00008000 
           ?CBANK_MASK             000000FF 
           ?CBANK                  0000009F        ?RESET_CODE_BANK (CSTARTUP)
                                                   Segment part 0 (?BANKED_CODE_SUPPORT)
           ?PBANK                  00000093 
           _NR_OF_VIRTUAL_REGISTERS
                                   00000008 
           _FLASH_LOCK_BITS_END    0003FFFF 
           _FLASH_LOCK_BITS_START
                                   0003FFF0 
           _BANK7_END              0003FFFF 
           _BANK7_START            00038000 
           _BANK6_END              00037FFF 
           _BANK6_START            00030000 
           _BANK5_END              0002FFFF 
           _BANK5_START            00028000 
           _BANK4_END              00027FFF 
           _BANK4_START            00020000 
           _BANK3_END              0001FFFF 
           _BANK3_START            00018000 
           _BANK2_END              00017FFF 
           _BANK2_START            00010000 
           _BANK1_END              0000FFFF 
           _BANK1_START            00008000 
           _BANK0_END              00007FFF 
           _BANK0_START            00000000 
           ?VB                     00000020        ?BANKED_ENTER_XDATA (?BANKED_ENTER_XDATA)
                                                   ?BANKED_LEAVE_XDATA (?BANKED_LEAVE_XDATA)
                                                   ?INTERRUPT_ENTER_XSP (?INTERRUPT_ENTER_XSP)
                                                   ?INTERRUPT_LEAVE_XSP (?INTERRUPT_LEAVE_XSP)
           _BREG_START             00000000 
           _REGISTER_BANK_START    00000000 
           ?REGISTER_BANK          00000000        Segment part 6 (CSTARTUP)
           _FIRST_BANK_ADDR        00010000 
           _NEAR_CODE_START        00000000 
           _XDATA0_END             00001EFF 
           _XDATA0_START           00000001 
           _IXDATA0_END            00001EFF 
           _IXDATA0_START          00000001 
           _PDATA0_END             00001EFF 
           _PDATA0_START           00001E00 
           _IDATA0_END             000000FF 
           _IDATA0_START           00000000 
    *************************************************************************

  FILE NAME : C:\Users\Bico\Desktop\IAR 8051 C++\LowLevelLibrary\Release\Obj\ADC.r51
  PROGRAM MODULE, NAME : ADC

  SEGMENTS IN THE MODULE
  ======================
SFR_AN
  Relative segment, address: DATA 000000B4 - 000000B4 (0x1 bytes), align: 0
  Segment part 1. ROOT        Intra module refs:   completedConvertion()
                                                   selectStartCondition(unsigned char)
                                                   startConvertion()
           ENTRY                   ADDRESS         REF BY
           =====                   =======         ======
           ADCCON1                 000000B4 
    -------------------------------------------------------------------------
SFR_AN
  Relative segment, address: DATA 000000B5 - 000000B5 (0x1 bytes), align: 0
  Segment part 2. ROOT        Intra module refs:   channelSeleted(unsigned char)
                                                   referenceVoltage(unsigned char)
                                                   selectDecimationRate(unsigned char)
           ENTRY                   ADDRESS         REF BY
           =====                   =======         ======
           ADCCON2                 000000B5 
    -------------------------------------------------------------------------
SFR_AN
  Relative segment, address: DATA 000000B6 - 000000B6 (0x1 bytes), align: 0
  Segment part 3. ROOT 
           ENTRY                   ADDRESS         REF BY
           =====                   =======         ======
           ADCCON3                 000000B6 
    -------------------------------------------------------------------------
SFR_AN
  Relative segment, address: DATA 000000BA - 000000BA (0x1 bytes), align: 0
  Segment part 4. ROOT        Intra module refs:   readResult()
           ENTRY                   ADDRESS         REF BY
           =====                   =======         ======
           ADCL                    000000BA 
    -------------------------------------------------------------------------
SFR_AN
  Relative segment, address: DATA 000000BB - 000000BB (0x1 bytes), align: 0
  Segment part 5. ROOT        Intra module refs:   readResult()
           ENTRY                   ADDRESS         REF BY
           =====                   =======         ======
           ADCH                    000000BB 
    -------------------------------------------------------------------------
SFR_AN
  Relative segment, address: DATA 000000F2 - 000000F2 (0x1 bytes), align: 0
  Segment part 6. ROOT        Intra module refs:   enableADCPin(unsigned char)
           ENTRY                   ADDRESS         REF BY
           =====                   =======         ======
           APCFG                   000000F2 
    -------------------------------------------------------------------------
XDATA_Z
  Relative segment, address: XDATA 00001000 - 00001000 (0x1 bytes), align: 0
  Segment part 12.            Intra module refs:   readResult()
                                                   selectDecimationRate(unsigned char)
    -------------------------------------------------------------------------
<BANKED_CODE> 1 (was BANKED_CODE)
  Relative segment, address: CODE 000004D8 - 000004F8 (0x21 bytes), align: 0
  Segment part 13.            Intra module refs:   enableADCPin(unsigned char)::?relay
           ENTRY                   ADDRESS         REF BY
           =====                   =======         ======
           enableADCPin(unsigned char)
                                   000004D8 
               ISTACK = 00000000 ( 00000002 )
    -------------------------------------------------------------------------
<BANKED_CODE> 1 (was BANKED_CODE)
  Relative segment, address: CODE 000004F9 - 000004FF (0x7 bytes), align: 0
  Segment part 15.            Intra module refs:   enableADCPin(unsigned char)
    -------------------------------------------------------------------------
<BANKED_CODE> 1 (was BANKED_CODE)
  Relative segment, address: CODE 00000500 - 00000507 (0x8 bytes), align: 0
  Segment part 18.            Intra module refs:   completedConvertion()::?relay
           ENTRY                   ADDRESS         REF BY
           =====                   =======         ======
           completedConvertion()   00000500 
    -------------------------------------------------------------------------
<BANKED_CODE> 1 (was BANKED_CODE)
  Relative segment, address: CODE 00000508 - 0000050D (0x6 bytes), align: 0
  Segment part 20.            Intra module refs:   startConvertion()::?relay
           ENTRY                   ADDRESS         REF BY
           =====                   =======         ======
           startConvertion()       00000508 
    -------------------------------------------------------------------------
<BANKED_CODE> 1 (was BANKED_CODE)
  Relative segment, address: CODE 0000050E - 0000051C (0xf bytes), align: 0
  Segment part 24.            Intra module refs:   selectStartCondition(unsigned char)::?relay
           ENTRY                   ADDRESS         REF BY
           =====                   =======         ======
           selectStartCondition(unsigned char)
                                   0000050E 
    -------------------------------------------------------------------------
<BANKED_CODE> 1 (was BANKED_CODE)
  Relative segment, address: CODE 0000051D - 00000528 (0xc bytes), align: 0
  Segment part 26.            Intra module refs:   referenceVoltage(unsigned char)::?relay
           ENTRY                   ADDRESS         REF BY
           =====                   =======         ======
           referenceVoltage(unsigned char)
                                   0000051D 
    -------------------------------------------------------------------------
<BANKED_CODE> 1 (was BANKED_CODE)
  Relative segment, address: CODE 00000529 - 0000052D (0x5 bytes), align: 0
  Segment part 28.            Intra module refs:   channelSeleted(unsigned char)
                                                   referenceVoltage(unsigned char)
    -------------------------------------------------------------------------
<BANKED_CODE> 1 (was BANKED_CODE)
  Relative segment, address: CODE 0000052E - 00000541 (0x14 bytes), align: 0
  Segment part 29.            Intra module refs:   selectDecimationRate(unsigned char)::?relay
           ENTRY                   ADDRESS         REF BY
           =====                   =======         ======
           selectDecimationRate(unsigned char)
                                   0000052E 
               ISTACK = 00000000 ( 00000002 )
    -------------------------------------------------------------------------
<BANKED_CODE> 1 (was BANKED_CODE)
  Relative segment, address: CODE 00000542 - 00000549 (0x8 bytes), align: 0
  Segment part 31.            Intra module refs:   selectDecimationRate(unsigned char)
    -------------------------------------------------------------------------
<BANKED_CODE> 1 (was BANKED_CODE)
  Relative segment, address: CODE 0000054A - 00000558 (0xf bytes), align: 0
  Segment part 32.            Intra module refs:   channelSeleted(unsigned char)::?relay
           ENTRY                   ADDRESS         REF BY
           =====                   =======         ======
           channelSeleted(unsigned char)
                                   0000054A 
    -------------------------------------------------------------------------
<BANKED_CODE> 1 (was BANKED_CODE)
  Relative segment, address: CODE 00000559 - 0000059F (0x47 bytes), align: 0
  Segment part 43.            Intra module refs:   readResult()::?relay
           ENTRY                   ADDRESS         REF BY
           =====                   =======         ======
           readResult()            00000559 
               XSTACK = 00000000 ( 0000000A )
    -------------------------------------------------------------------------
BANK_RELAYS
  Relative segment, address: CODE 000000AD - 000000B2 (0x6 bytes), align: 0
  Segment part 14.
           ENTRY                   ADDRESS         REF BY
           =====                   =======         ======
           enableADCPin(unsigned char)::?relay
                                   000000AD        main (main)
    -------------------------------------------------------------------------
BANK_RELAYS
  Relative segment, address: CODE 000000B3 - 000000B8 (0x6 bytes), align: 0
  Segment part 19.
           ENTRY                   ADDRESS         REF BY
           =====                   =======         ======
           completedConvertion()::?relay
                                   000000B3        main (main)
    -------------------------------------------------------------------------
BANK_RELAYS
  Relative segment, address: CODE 000000B9 - 000000BE (0x6 bytes), align: 0
  Segment part 21.
           ENTRY                   ADDRESS         REF BY
           =====                   =======         ======
           startConvertion()::?relay
                                   000000B9        main (main)
    -------------------------------------------------------------------------
BANK_RELAYS
  Relative segment, address: CODE 000000BF - 000000C4 (0x6 bytes), align: 0
  Segment part 25.
           ENTRY                   ADDRESS         REF BY
           =====                   =======         ======
           selectStartCondition(unsigned char)::?relay
                                   000000BF        main (main)
    -------------------------------------------------------------------------
BANK_RELAYS
  Relative segment, address: CODE 000000C5 - 000000CA (0x6 bytes), align: 0
  Segment part 27.
           ENTRY                   ADDRESS         REF BY
           =====                   =======         ======
           referenceVoltage(unsigned char)::?relay
                                   000000C5        main (main)
    -------------------------------------------------------------------------
BANK_RELAYS
  Relative segment, address: CODE 000000CB - 000000D0 (0x6 bytes), align: 0
  Segment part 30.
           ENTRY                   ADDRESS         REF BY
           =====                   =======         ======
           selectDecimationRate(unsigned char)::?relay
                                   000000CB        main (main)
    -------------------------------------------------------------------------
BANK_RELAYS
  Relative segment, address: CODE 000000D1 - 000000D6 (0x6 bytes), align: 0
  Segment part 33.
           ENTRY                   ADDRESS         REF BY
           =====                   =======         ======
           channelSeleted(unsigned char)::?relay
                                   000000D1        main (main)
    -------------------------------------------------------------------------
BANK_RELAYS
  Relative segment, address: CODE 000000D7 - 000000DC (0x6 bytes), align: 0
  Segment part 44.
           ENTRY                   ADDRESS         REF BY
           =====                   =======         ======
           readResult()::?relay    000000D7        main (main)

    *************************************************************************

  FILE NAME : C:\Users\Bico\Desktop\IAR 8051 C++\LowLevelLibrary\Release\Obj\ExINT.r51
  PROGRAM MODULE, NAME : ExINT

  SEGMENTS IN THE MODULE
  ======================
SFR_AN
  Relative segment, address: DATA 00000089 - 00000089 (0x1 bytes), align: 0
  Segment part 1. ROOT 
           ENTRY                   ADDRESS         REF BY
           =====                   =======         ======
           P0IFG                   00000089 
    -------------------------------------------------------------------------
SFR_AN
  Relative segment, address: DATA 0000008A - 0000008A (0x1 bytes), align: 0
  Segment part 2. ROOT 
           ENTRY                   ADDRESS         REF BY
           =====                   =======         ======
           P1IFG                   0000008A 
    -------------------------------------------------------------------------
SFR_AN
  Relative segment, address: DATA 0000008B - 0000008B (0x1 bytes), align: 0
  Segment part 3. ROOT 
           ENTRY                   ADDRESS         REF BY
           =====                   =======         ======
           P2IFG                   0000008B 
    -------------------------------------------------------------------------
SFR_AN
  Relative segment, address: DATA 0000008C - 0000008C (0x1 bytes), align: 0
  Segment part 4. ROOT 
           ENTRY                   ADDRESS         REF BY
           =====                   =======         ======
           PICTL                   0000008C 
    -------------------------------------------------------------------------
SFR_AN
  Relative segment, address: DATA 0000008D - 0000008D (0x1 bytes), align: 0
  Segment part 5. ROOT 
           ENTRY                   ADDRESS         REF BY
           =====                   =======         ======
           P1IEN                   0000008D 
    -------------------------------------------------------------------------
SFR_AN
  Relative segment, address: DATA 000000AB - 000000AB (0x1 bytes), align: 0
  Segment part 6. ROOT 
           ENTRY                   ADDRESS         REF BY
           =====                   =======         ======
           P0IEN                   000000AB 
    -------------------------------------------------------------------------
SFR_AN
  Relative segment, address: DATA 000000AC - 000000AC (0x1 bytes), align: 0
  Segment part 7. ROOT 
           ENTRY                   ADDRESS         REF BY
           =====                   =======         ======
           P2IEN                   000000AC 
    -------------------------------------------------------------------------
SFR_AN
  Relative segment, address: DATA 000000C0 - 000000C0 (0x1 bytes), align: 0
  Segment part 8. ROOT 
           ENTRY                   ADDRESS         REF BY
           =====                   =======         ======
           _A_IRCON                000000C0 
    -------------------------------------------------------------------------
SFR_AN
  Relative segment, address: DATA 000000E8 - 000000E8 (0x1 bytes), align: 0
  Segment part 9. ROOT 
           ENTRY                   ADDRESS         REF BY
           =====                   =======         ======
           _A_IRCON2               000000E8 

    *************************************************************************

  FILE NAME : C:\Users\Bico\Desktop\IAR 8051 C++\LowLevelLibrary\Release\Obj\Generic.r51
  PROGRAM MODULE, NAME : Generic

  SEGMENTS IN THE MODULE
  ======================
<BANKED_CODE> 1 (was BANKED_CODE)
  Relative segment, address: CODE 00000708 - 0000073D (0x36 bytes), align: 0
  Segment part 10.            Intra module refs:   delay_5us(unsigned long)::?relay
           ENTRY                   ADDRESS         REF BY
           =====                   =======         ======
           delay_5us(unsigned long)
                                   00000708 
               XSTACK = 00000010 ( 00000010 )
    -------------------------------------------------------------------------
<BANKED_CODE> 1 (was BANKED_CODE)
  Relative segment, address: CODE 0000073E - 00000742 (0x5 bytes), align: 0
  Segment part 12.            Intra module refs:   delay_5us(unsigned long)
                                                   delay_ms(unsigned long)
    -------------------------------------------------------------------------
<BANKED_CODE> 1 (was BANKED_CODE)
  Relative segment, address: CODE 00000743 - 0000077A (0x38 bytes), align: 0
  Segment part 13.            Intra module refs:   delay_ms(unsigned long)::?relay
           ENTRY                   ADDRESS         REF BY
           =====                   =======         ======
           delay_ms(unsigned long)
                                   00000743 
               calls direct
               XSTACK = 00000000 ( 00000010 )
    -------------------------------------------------------------------------
XDATA_I
  Relative segment, address: XDATA 00001002 - 00001005 (0x4 bytes), align: 0
  Segment part 6.             Intra module refs:   delay_5us(unsigned long)
                                                   delay_ms(unsigned long)
           ENTRY                   ADDRESS         REF BY
           =====                   =======         ======
           __Constant_ffffffff     00001002 
    -------------------------------------------------------------------------
XDATA_ID
  Relative segment, address: CODE 0000009D - 000000A0 (0x4 bytes), align: 0
  Segment part 7.             Intra module refs:   __Constant_ffffffff
    -------------------------------------------------------------------------
XDATA_I
  Relative segment, address: XDATA 00001006 - 00001009 (0x4 bytes), align: 0
  Segment part 8.             Intra module refs:   delay_ms(unsigned long)
           ENTRY                   ADDRESS         REF BY
           =====                   =======         ======
           __Constant_c8           00001006 
    -------------------------------------------------------------------------
XDATA_ID
  Relative segment, address: CODE 000000A1 - 000000A4 (0x4 bytes), align: 0
  Segment part 9.             Intra module refs:   __Constant_c8
    -------------------------------------------------------------------------
BANK_RELAYS
  Relative segment, address: CODE 000000DD - 000000E2 (0x6 bytes), align: 0
  Segment part 11.            Intra module refs:   delay_ms(unsigned long)
           ENTRY                   ADDRESS         REF BY
           =====                   =======         ======
           delay_5us(unsigned long)::?relay
                                   000000DD 
    -------------------------------------------------------------------------
BANK_RELAYS
  Relative segment, address: CODE 000000E3 - 000000E8 (0x6 bytes), align: 0
  Segment part 14.
           ENTRY                   ADDRESS         REF BY
           =====                   =======         ======
           delay_ms(unsigned long)::?relay
                                   000000E3        main (main)

    *************************************************************************

  FILE NAME : C:\Users\Bico\Desktop\IAR 8051 C++\LowLevelLibrary\Release\Obj\GlobalINT.r51
  PROGRAM MODULE, NAME : GlobalINT

  SEGMENTS IN THE MODULE
  ======================
SFR_AN
  Relative segment, address: DATA 0000009A - 0000009A (0x1 bytes), align: 0
  Segment part 1. ROOT 
           ENTRY                   ADDRESS         REF BY
           =====                   =======         ======
           IEN2                    0000009A 
    -------------------------------------------------------------------------
SFR_AN
  Relative segment, address: DATA 000000A8 - 000000A8 (0x1 bytes), align: 0
  Segment part 2. ROOT        Intra module refs:   GlobalInterruptSwitch(unsigned char)
                                                   URX0InterruptSwitch(unsigned char)
           ENTRY                   ADDRESS         REF BY
           =====                   =======         ======
           _A_IEN0                 000000A8 
    -------------------------------------------------------------------------
SFR_AN
  Relative segment, address: DATA 000000B8 - 000000B8 (0x1 bytes), align: 0
  Segment part 3. ROOT 
           ENTRY                   ADDRESS         REF BY
           =====                   =======         ======
           _A_IEN1                 000000B8 
    -------------------------------------------------------------------------
<BANKED_CODE> 1 (was BANKED_CODE)
  Relative segment, address: CODE 0000077B - 00000782 (0x8 bytes), align: 0
  Segment part 9.             Intra module refs:   GlobalInterruptSwitch(unsigned char)::?relay
           ENTRY                   ADDRESS         REF BY
           =====                   =======         ======
           GlobalInterruptSwitch(unsigned char)
                                   0000077B 
    -------------------------------------------------------------------------
<BANKED_CODE> 1 (was BANKED_CODE)
  Relative segment, address: CODE 00000783 - 00000793 (0x11 bytes), align: 0
  Segment part 17.            Intra module refs:   URX0InterruptSwitch(unsigned char)::?relay
           ENTRY                   ADDRESS         REF BY
           =====                   =======         ======
           URX0InterruptSwitch(unsigned char)
                                   00000783 
    -------------------------------------------------------------------------
BANK_RELAYS
  Relative segment, address: CODE 000000E9 - 000000EE (0x6 bytes), align: 0
  Segment part 10.
           ENTRY                   ADDRESS         REF BY
           =====                   =======         ======
           GlobalInterruptSwitch(unsigned char)::?relay
                                   000000E9        main (main)
    -------------------------------------------------------------------------
BANK_RELAYS
  Relative segment, address: CODE 000000EF - 000000F4 (0x6 bytes), align: 0
  Segment part 18.
           ENTRY                   ADDRESS         REF BY
           =====                   =======         ======
           URX0InterruptSwitch(unsigned char)::?relay
                                   000000EF        main (main)

    *************************************************************************

  FILE NAME : C:\Users\Bico\Desktop\IAR 8051 C++\LowLevelLibrary\Release\Obj\GPIO.r51
  PROGRAM MODULE, NAME : GPIO

  SEGMENTS IN THE MODULE
  ======================
SFR_AN
  Relative segment, address: DATA 00000080 - 00000080 (0x1 bytes), align: 0
  Segment part 1. ROOT 
           ENTRY                   ADDRESS         REF BY
           =====                   =======         ======
           _A_P0                   00000080 
    -------------------------------------------------------------------------
SFR_AN
  Relative segment, address: DATA 0000008F - 0000008F (0x1 bytes), align: 0
  Segment part 2. ROOT 
           ENTRY                   ADDRESS         REF BY
           =====                   =======         ======
           P0INP                   0000008F 
    -------------------------------------------------------------------------
SFR_AN
  Relative segment, address: DATA 00000090 - 00000090 (0x1 bytes), align: 0
  Segment part 3. ROOT 
           ENTRY                   ADDRESS         REF BY
           =====                   =======         ======
           _A_P1                   00000090 
    -------------------------------------------------------------------------
SFR_AN
  Relative segment, address: DATA 000000A0 - 000000A0 (0x1 bytes), align: 0
  Segment part 4. ROOT 
           ENTRY                   ADDRESS         REF BY
           =====                   =======         ======
           _A_P2                   000000A0 
    -------------------------------------------------------------------------
SFR_AN
  Relative segment, address: DATA 000000F3 - 000000F3 (0x1 bytes), align: 0
  Segment part 5. ROOT        Intra module refs:   pinFunction(unsigned char, unsigned char)
                                                   portFunction(unsigned char, unsigned char)
           ENTRY                   ADDRESS         REF BY
           =====                   =======         ======
           P0SEL                   000000F3 
    -------------------------------------------------------------------------
SFR_AN
  Relative segment, address: DATA 000000F4 - 000000F4 (0x1 bytes), align: 0
  Segment part 6. ROOT        Intra module refs:   pinFunction(unsigned char, unsigned char)
                                                   portFunction(unsigned char, unsigned char)
           ENTRY                   ADDRESS         REF BY
           =====                   =======         ======
           P1SEL                   000000F4 
    -------------------------------------------------------------------------
SFR_AN
  Relative segment, address: DATA 000000F5 - 000000F5 (0x1 bytes), align: 0
  Segment part 7. ROOT        Intra module refs:   pinFunction(unsigned char, unsigned char)
                                                   portFunction(unsigned char, unsigned char)
           ENTRY                   ADDRESS         REF BY
           =====                   =======         ======
           P2SEL                   000000F5 
    -------------------------------------------------------------------------
SFR_AN
  Relative segment, address: DATA 000000F6 - 000000F6 (0x1 bytes), align: 0
  Segment part 8. ROOT 
           ENTRY                   ADDRESS         REF BY
           =====                   =======         ======
           P1INP                   000000F6 
    -------------------------------------------------------------------------
SFR_AN
  Relative segment, address: DATA 000000F7 - 000000F7 (0x1 bytes), align: 0
  Segment part 9. ROOT 
           ENTRY                   ADDRESS         REF BY
           =====                   =======         ======
           P2INP                   000000F7 
    -------------------------------------------------------------------------
SFR_AN
  Relative segment, address: DATA 000000FD - 000000FD (0x1 bytes), align: 0
  Segment part 10. ROOT       Intra module refs:   portDirect(unsigned char, unsigned char)
           ENTRY                   ADDRESS         REF BY
           =====                   =======         ======
           P0DIR                   000000FD 
    -------------------------------------------------------------------------
SFR_AN
  Relative segment, address: DATA 000000FE - 000000FE (0x1 bytes), align: 0
  Segment part 11. ROOT       Intra module refs:   portDirect(unsigned char, unsigned char)
           ENTRY                   ADDRESS         REF BY
           =====                   =======         ======
           P1DIR                   000000FE 
    -------------------------------------------------------------------------
SFR_AN
  Relative segment, address: DATA 000000FF - 000000FF (0x1 bytes), align: 0
  Segment part 12. ROOT       Intra module refs:   portDirect(unsigned char, unsigned char)
           ENTRY                   ADDRESS         REF BY
           =====                   =======         ======
           P2DIR                   000000FF 
    -------------------------------------------------------------------------
<BANKED_CODE> 1 (was BANKED_CODE)
  Relative segment, address: CODE 000005A0 - 0000061B (0x7c bytes), align: 0
  Segment part 18.            Intra module refs:   pinFunction(unsigned char, unsigned char)::?relay
           ENTRY                   ADDRESS         REF BY
           =====                   =======         ======
           pinFunction(unsigned char, unsigned char)
                                   000005A0 
               ISTACK = 00000000 ( 00000002 )
    -------------------------------------------------------------------------
<BANKED_CODE> 1 (was BANKED_CODE)
  Relative segment, address: CODE 0000061C - 00000622 (0x7 bytes), align: 0
  Segment part 20.            Intra module refs:   pinFunction(unsigned char, unsigned char)
    -------------------------------------------------------------------------
<BANKED_CODE> 1 (was BANKED_CODE)
  Relative segment, address: CODE 00000623 - 0000063C (0x1a bytes), align: 0
  Segment part 21.            Intra module refs:   portFunction(unsigned char, unsigned char)::?relay
           ENTRY                   ADDRESS         REF BY
           =====                   =======         ======
           portFunction(unsigned char, unsigned char)
                                   00000623 
    -------------------------------------------------------------------------
<BANKED_CODE> 1 (was BANKED_CODE)
  Relative segment, address: CODE 0000063D - 00000656 (0x1a bytes), align: 0
  Segment part 25.            Intra module refs:   portDirect(unsigned char, unsigned char)::?relay
           ENTRY                   ADDRESS         REF BY
           =====                   =======         ======
           portDirect(unsigned char, unsigned char)
                                   0000063D 
    -------------------------------------------------------------------------
BANK_RELAYS
  Relative segment, address: CODE 000000F5 - 000000FA (0x6 bytes), align: 0
  Segment part 19.
           ENTRY                   ADDRESS         REF BY
           =====                   =======         ======
           pinFunction(unsigned char, unsigned char)::?relay
                                   000000F5        main (main)
    -------------------------------------------------------------------------
BANK_RELAYS
  Relative segment, address: CODE 000000FB - 00000100 (0x6 bytes), align: 0
  Segment part 22.
           ENTRY                   ADDRESS         REF BY
           =====                   =======         ======
           portFunction(unsigned char, unsigned char)::?relay
                                   000000FB        main (main)
    -------------------------------------------------------------------------
BANK_RELAYS
  Relative segment, address: CODE 00000101 - 00000106 (0x6 bytes), align: 0
  Segment part 26.
           ENTRY                   ADDRESS         REF BY
           =====                   =======         ======
           portDirect(unsigned char, unsigned char)::?relay
                                   00000101        main (main)

    *************************************************************************

  FILE NAME : C:\Users\Bico\Desktop\IAR 8051 C++\LowLevelLibrary\Release\Obj\main.r51
  PROGRAM MODULE, NAME : main

  SEGMENTS IN THE MODULE
  ======================
SFR_AN
  Relative segment, address: DATA 000000C6 - 000000C6 (0x1 bytes), align: 0
  Segment part 1. ROOT        Intra module refs:   main
           ENTRY                   ADDRESS         REF BY
           =====                   =======         ======
           CLKCONCMD               000000C6 
    -------------------------------------------------------------------------
XDATA_Z
  Relative segment, address: XDATA 00001001 - 00001001 (0x1 bytes), align: 0
  Segment part 8.             Intra module refs:   echo()
           ENTRY                   ADDRESS         REF BY
           =====                   =======         ======
           val                     00001001 
    -------------------------------------------------------------------------
<BANKED_CODE> 1 (was BANKED_CODE)
  Relative segment, address: CODE 00000657 - 0000066A (0x14 bytes), align: 0
  Segment part 13.            Intra module refs:   echo()::?relay
           ENTRY                   ADDRESS         REF BY
           =====                   =======         ======
           echo()                  00000657 
               calls direct
               XSTACK = 0000000E ( 00000000 )
               ISTACK = 00000000 ( 00000002 )
    -------------------------------------------------------------------------
NEAR_CODE
  Relative segment, address: CODE 000003EB - 000003F9 (0xf bytes), align: 0
  Segment part 17.            Intra module refs:   urx0Int0()::??INTVEC 19
           ENTRY                   ADDRESS         REF BY
           =====                   =======         ======
           urx0Int0()              000003EB 
               interrupt function
               calls direct
               XSTACK = 00000000 ( 0000000E )
    -------------------------------------------------------------------------
<BANKED_CODE> 1 (was BANKED_CODE)
  Relative segment, address: CODE 0000066B - 00000707 (0x9d bytes), align: 0
  Segment part 15.
           ENTRY                   ADDRESS         REF BY
           =====                   =======         ======
           main                    0000066B        ?call_main (?cmain)
               calls direct
    -------------------------------------------------------------------------
INTVEC
  Common segment, address: CODE 00000000 - 00000015 (0x16 bytes), align: 0
  Segment part 2. ROOT 
           ENTRY                   ADDRESS         REF BY
           =====                   =======         ======
           urx0Int0()::??INTVEC 19
                                   00000013 
    -------------------------------------------------------------------------
XDATA_I
  Relative segment, address: XDATA 0000100A - 0000100D (0x4 bytes), align: 0
  Segment part 9.             Intra module refs:   main
           ENTRY                   ADDRESS         REF BY
           =====                   =======         ======
           __Constant_e100         0000100A 
    -------------------------------------------------------------------------
XDATA_ID
  Relative segment, address: CODE 000000A5 - 000000A8 (0x4 bytes), align: 0
  Segment part 10.            Intra module refs:   __Constant_e100
    -------------------------------------------------------------------------
XDATA_I
  Relative segment, address: XDATA 0000100E - 00001011 (0x4 bytes), align: 0
  Segment part 11.            Intra module refs:   main
           ENTRY                   ADDRESS         REF BY
           =====                   =======         ======
           __Constant_3e8          0000100E 
    -------------------------------------------------------------------------
XDATA_ID
  Relative segment, address: CODE 000000A9 - 000000AC (0x4 bytes), align: 0
  Segment part 12.            Intra module refs:   __Constant_3e8
    -------------------------------------------------------------------------
BANK_RELAYS
  Relative segment, address: CODE 00000107 - 0000010C (0x6 bytes), align: 0
  Segment part 14.            Intra module refs:   urx0Int0()
           ENTRY                   ADDRESS         REF BY
           =====                   =======         ======
           echo()::?relay          00000107 

    *************************************************************************

  FILE NAME : C:\Users\Bico\Desktop\IAR 8051 C++\LowLevelLibrary\Release\Obj\UART.r51
  PROGRAM MODULE, NAME : UART

  SEGMENTS IN THE MODULE
  ======================
SFR_AN
  Relative segment, address: DATA 00000086 - 00000086 (0x1 bytes), align: 0
  Segment part 1. ROOT        Intra module refs:   UART0ModeSel(unsigned char)
                                                   UART0TranmissionCompleted()
           ENTRY                   ADDRESS         REF BY
           =====                   =======         ======
           U0CSR                   00000086 
    -------------------------------------------------------------------------
SFR_AN
  Relative segment, address: DATA 000000C1 - 000000C1 (0x1 bytes), align: 0
  Segment part 2. ROOT        Intra module refs:   UART0FillData(unsigned char)
                                                   UART0GetData()
           ENTRY                   ADDRESS         REF BY
           =====                   =======         ======
           U0DBUF                  000000C1 
    -------------------------------------------------------------------------
SFR_AN
  Relative segment, address: DATA 000000C2 - 000000C2 (0x1 bytes), align: 0
  Segment part 3. ROOT        Intra module refs:   UART0SetBaud(unsigned long)
           ENTRY                   ADDRESS         REF BY
           =====                   =======         ======
           U0BAUD                  000000C2 
    -------------------------------------------------------------------------
SFR_AN
  Relative segment, address: DATA 000000C5 - 000000C5 (0x1 bytes), align: 0
  Segment part 4. ROOT        Intra module refs:   UART0SetBaud(unsigned long)
           ENTRY                   ADDRESS         REF BY
           =====                   =======         ======
           U0GCR                   000000C5 
    -------------------------------------------------------------------------
SFR_AN
  Relative segment, address: DATA 000000F1 - 000000F1 (0x1 bytes), align: 0
  Segment part 5. ROOT        Intra module refs:   UART0AssignLocation(unsigned char)
           ENTRY                   ADDRESS         REF BY
           =====                   =======         ======
           PERCFG                  000000F1 
    -------------------------------------------------------------------------
SFR_AN
  Relative segment, address: DATA 000000F8 - 000000F8 (0x1 bytes), align: 0
  Segment part 6. ROOT 
           ENTRY                   ADDRESS         REF BY
           =====                   =======         ======
           _A_U1CSR                000000F8 
    -------------------------------------------------------------------------
SFR_AN
  Relative segment, address: DATA 000000F9 - 000000F9 (0x1 bytes), align: 0
  Segment part 7. ROOT 
           ENTRY                   ADDRESS         REF BY
           =====                   =======         ======
           U1DBUF                  000000F9 
    -------------------------------------------------------------------------
SFR_AN
  Relative segment, address: DATA 000000FA - 000000FA (0x1 bytes), align: 0
  Segment part 8. ROOT 
           ENTRY                   ADDRESS         REF BY
           =====                   =======         ======
           U1BAUD                  000000FA 
    -------------------------------------------------------------------------
SFR_AN
  Relative segment, address: DATA 000000FC - 000000FC (0x1 bytes), align: 0
  Segment part 9. ROOT 
           ENTRY                   ADDRESS         REF BY
           =====                   =======         ======
           U1GCR                   000000FC 
    -------------------------------------------------------------------------
<BANKED_CODE> 1 (was BANKED_CODE)
  Relative segment, address: CODE 000003FA - 0000040C (0x13 bytes), align: 0
  Segment part 15.            Intra module refs:   UART0AssignLocation(unsigned char)::?relay
           ENTRY                   ADDRESS         REF BY
           =====                   =======         ======
           UART0AssignLocation(unsigned char)
                                   000003FA 
    -------------------------------------------------------------------------
<BANKED_CODE> 1 (was BANKED_CODE)
  Relative segment, address: CODE 0000040D - 00000417 (0xb bytes), align: 0
  Segment part 17.            Intra module refs:   UART0ModeSel(unsigned char)::?relay
           ENTRY                   ADDRESS         REF BY
           =====                   =======         ======
           UART0ModeSel(unsigned char)
                                   0000040D 
    -------------------------------------------------------------------------
<BANKED_CODE> 1 (was BANKED_CODE)
  Relative segment, address: CODE 00000418 - 00000419 (0x2 bytes), align: 0
  Segment part 26.            Intra module refs:   UART0TranmissionCompleted()::?relay
           ENTRY                   ADDRESS         REF BY
           =====                   =======         ======
           UART0TranmissionCompleted()
                                   00000418 
    -------------------------------------------------------------------------
<BANKED_CODE> 1 (was BANKED_CODE)
  Relative segment, address: CODE 0000041A - 0000041F (0x6 bytes), align: 0
  Segment part 28.            Intra module refs:   UART0TranmissionCompleted()
    -------------------------------------------------------------------------
<BANKED_CODE> 1 (was BANKED_CODE)
  Relative segment, address: CODE 00000420 - 000004C7 (0xa8 bytes), align: 0
  Segment part 32.            Intra module refs:   UART0SetBaud(unsigned long)::?relay
           ENTRY                   ADDRESS         REF BY
           =====                   =======         ======
           UART0SetBaud(unsigned long)
                                   00000420 
               XSTACK = 00000000 ( 0000000C )
    -------------------------------------------------------------------------
<BANKED_CODE> 1 (was BANKED_CODE)
  Relative segment, address: CODE 000004C8 - 000004CC (0x5 bytes), align: 0
  Segment part 34.            Intra module refs:   UART0SetBaud(unsigned long)
    -------------------------------------------------------------------------
<BANKED_CODE> 1 (was BANKED_CODE)
  Relative segment, address: CODE 000004CD - 000004D2 (0x6 bytes), align: 0
  Segment part 35.            Intra module refs:   UART0GetData()::?relay
           ENTRY                   ADDRESS         REF BY
           =====                   =======         ======
           UART0GetData()          000004CD 
    -------------------------------------------------------------------------
<BANKED_CODE> 1 (was BANKED_CODE)
  Relative segment, address: CODE 000004D3 - 000004D7 (0x5 bytes), align: 0
  Segment part 37.            Intra module refs:   UART0FillData(unsigned char)::?relay
           ENTRY                   ADDRESS         REF BY
           =====                   =======         ======
           UART0FillData(unsigned char)
                                   000004D3 
    -------------------------------------------------------------------------
BANK_RELAYS
  Relative segment, address: CODE 0000010D - 00000112 (0x6 bytes), align: 0
  Segment part 16.
           ENTRY                   ADDRESS         REF BY
           =====                   =======         ======
           UART0AssignLocation(unsigned char)::?relay
                                   0000010D        main (main)
    -------------------------------------------------------------------------
BANK_RELAYS
  Relative segment, address: CODE 00000113 - 00000118 (0x6 bytes), align: 0
  Segment part 18.
           ENTRY                   ADDRESS         REF BY
           =====                   =======         ======
           UART0ModeSel(unsigned char)::?relay
                                   00000113        main (main)
    -------------------------------------------------------------------------
BANK_RELAYS
  Relative segment, address: CODE 00000119 - 0000011E (0x6 bytes), align: 0
  Segment part 27.
           ENTRY                   ADDRESS         REF BY
           =====                   =======         ======
           UART0TranmissionCompleted()::?relay
                                   00000119        main (main)
    -------------------------------------------------------------------------
BANK_RELAYS
  Relative segment, address: CODE 0000011F - 00000124 (0x6 bytes), align: 0
  Segment part 33.
           ENTRY                   ADDRESS         REF BY
           =====                   =======         ======
           UART0SetBaud(unsigned long)::?relay
                                   0000011F        main (main)
    -------------------------------------------------------------------------
BANK_RELAYS
  Relative segment, address: CODE 00000125 - 0000012A (0x6 bytes), align: 0
  Segment part 36.
           ENTRY                   ADDRESS         REF BY
           =====                   =======         ======
           UART0GetData()::?relay
                                   00000125        echo() (main)
    -------------------------------------------------------------------------
BANK_RELAYS
  Relative segment, address: CODE 0000012B - 00000130 (0x6 bytes), align: 0
  Segment part 38.
           ENTRY                   ADDRESS         REF BY
           =====                   =======         ======
           UART0FillData(unsigned char)::?relay
                                   0000012B        main (main)

    *************************************************************************

  FILE NAME : C:\Program Files (x86)\IAR Systems\Embedded Workbench 8.0\8051\LIB\DLIB\dl-pli-blxd-1e16x01n.r51
  LIBRARY MODULE, NAME : ?cexit

  SEGMENTS IN THE MODULE
  ======================
CSTART
  Relative segment, address: CODE 00000016, align: 0
  Segment part 5.             Intra module refs:   _exit::?relay
           ENTRY                   ADDRESS         REF BY
           =====                   =======         ======
           _exit                   00000016 
               calls direct
    -------------------------------------------------------------------------
CSTART
  Relative segment, address: CODE 00000016 - 00000020 (0xb bytes), align: 0
  Segment part 10.            Intra module refs:   _exit
    -------------------------------------------------------------------------
BANK_RELAYS
  Relative segment, address: CODE 00000131 - 00000136 (0x6 bytes), align: 0
  Segment part 11.
           ENTRY                   ADDRESS         REF BY
           =====                   =======         ======
           _exit::?relay           00000131        exit (?exit)

    -------------------------------------------------------------------------
  LIBRARY MODULE, NAME : ?cmain

  SEGMENTS IN THE MODULE
  ======================
CSTART
  Relative segment, address: CODE 00000021, align: 0
  Segment part 5.
           ENTRY                   ADDRESS         REF BY
           =====                   =======         ======
           ?cmain                  00000021        Segment part 13 (CSTARTUP)
               calls direct
    -------------------------------------------------------------------------
CSTART
  Relative segment, address: CODE 00000021 - 00000030 (0x10 bytes), align: 0
  Segment part 16.
           ENTRY                   ADDRESS         REF BY
           =====                   =======         ======
           __INIT_XDATA_Z          00000021        Segment part 12 (ADC)
                                                   val (main)
    -------------------------------------------------------------------------
CSTART
  Relative segment, address: CODE 00000031 - 00000056 (0x26 bytes), align: 0
  Segment part 33.
           ENTRY                   ADDRESS         REF BY
           =====                   =======         ======
           __INIT_XDATA_I          00000031        __Constant_3e8 (main)
                                                   __Constant_c8 (Generic)
                                                   __Constant_e100 (main)
                                                   __Constant_ffffffff (Generic)
    -------------------------------------------------------------------------
DIFUNCT
  Relative segment, address: CODE 000003EB, align: 0
  Segment part 38. ROOT 
    -------------------------------------------------------------------------
CSTART
  Relative segment, address: CODE 00000057 - 0000006C (0x16 bytes), align: 0
  Segment part 40.            Intra module refs:   ?cmain
           ENTRY                   ADDRESS         REF BY
           =====                   =======         ======
           ?call_main              00000057 

    -------------------------------------------------------------------------
  LIBRARY MODULE, NAME : CSTARTUP

  SEGMENTS IN THE MODULE
  ======================
REGISTERS
  Relative segment, address: DATA 00000000, align: 0
  Segment part 0.             Intra module refs:   Segment part 6
           ENTRY                   ADDRESS         REF BY
           =====                   =======         ======
           ?REGISTERS              00000000 
    -------------------------------------------------------------------------
ISTACK
  Relative segment, address: IDATA 000000C0, align: 0
  Segment part 1.             Intra module refs:   Segment part 6
           ENTRY                   ADDRESS         REF BY
           =====                   =======         ======
           ?ISTACK_START           000000C0 
    -------------------------------------------------------------------------
XSTACK
  Relative segment, address: XDATA 00000001, align: 0
  Segment part 3.             Intra module refs:   ?RESET_XSP
           ENTRY                   ADDRESS         REF BY
           =====                   =======         ======
           ?XSTACK_START           00000001 
    -------------------------------------------------------------------------
INTVEC
  Common segment, address: CODE 00000000 - 00000002 (0x3 bytes), align: 0
  Segment part 5. ROOT        Intra module refs:   Segment part 6
    -------------------------------------------------------------------------
CSTART
  Relative segment, address: CODE 0000006D - 00000072 (0x6 bytes), align: 0
  Segment part 6. ROOT        Intra module refs:   Segment part 5
           ENTRY                   ADDRESS         REF BY
           =====                   =======         ======
           __program_start         0000006D        Absolute parts (?ABS_ENTRY_MOD)
           ?RESET_SP               00000070 
    -------------------------------------------------------------------------
CSTART
  Relative segment, address: CODE 00000073 - 00000078 (0x6 bytes), align: 0
  Segment part 8.
           ENTRY                   ADDRESS         REF BY
           =====                   =======         ======
           ?RESET_XSP              00000073        ?XSP (VIRTUAL_REGISTERS)
    -------------------------------------------------------------------------
CSTART
  Relative segment, address: CODE 00000079 - 0000007B (0x3 bytes), align: 0
  Segment part 9.
           ENTRY                   ADDRESS         REF BY
           =====                   =======         ======
           ?RESET_CODE_BANK        00000079        Absolute parts (?BANKED_CODE_SUPPORT)
    -------------------------------------------------------------------------
CSTART
  Relative segment, address: CODE 0000007C - 0000007E (0x3 bytes), align: 0
  Segment part 13.            Intra module refs:   Absolute parts

    -------------------------------------------------------------------------
  LIBRARY MODULE, NAME : VIRTUAL_REGISTERS

  SEGMENTS IN THE MODULE
  ======================
BREG
  Relative segment, address: BIT 00000020.0 - 00000020.7 (0x8 bits), align: 0
  Segment part 0.
           ENTRY                   ADDRESS         REF BY
           =====                   =======         ======
           ?B0                     00000020.0      Absolute parts (CSTARTUP)
    -------------------------------------------------------------------------
VREG
  Relative segment, address: DATA 00000008 - 00000008 (0x1 bytes), align: 0
  Segment part 1.             Intra module refs:   ?V1
           ENTRY                   ADDRESS         REF BY
           =====                   =======         ======
           ?V0                     00000008        ?BANKED_ENTER_XDATA (?BANKED_ENTER_XDATA)
                                                   ?BANKED_LEAVE_XDATA (?BANKED_LEAVE_XDATA)
                                                   ?INTERRUPT_ENTER_XSP (?INTERRUPT_ENTER_XSP)
                                                   ?INTERRUPT_LEAVE_XSP (?INTERRUPT_LEAVE_XSP)
                                                   Segment part 15 (ADC)
                                                   Segment part 20 (GPIO)
                                                   UART0SetBaud(unsigned long) (UART)
                                                   delay_5us(unsigned long) (Generic)
                                                   delay_ms(unsigned long) (Generic)
                                                   enableADCPin(unsigned char) (ADC)
                                                   main (main)
                                                   pinFunction(unsigned char, unsigned char) (GPIO)
                                                   readResult() (ADC)
    -------------------------------------------------------------------------
VREG
  Relative segment, address: DATA 00000009 - 00000009 (0x1 bytes), align: 0
  Segment part 2.             Intra module refs:   ?V2
           ENTRY                   ADDRESS         REF BY
           =====                   =======         ======
           ?V1                     00000009        Segment part 15 (ADC)
                                                   Segment part 20 (GPIO)
                                                   UART0SetBaud(unsigned long) (UART)
                                                   delay_5us(unsigned long) (Generic)
                                                   delay_ms(unsigned long) (Generic)
                                                   enableADCPin(unsigned char) (ADC)
                                                   main (main)
                                                   pinFunction(unsigned char, unsigned char) (GPIO)
                                                   readResult() (ADC)
    -------------------------------------------------------------------------
VREG
  Relative segment, address: DATA 0000000A - 0000000A (0x1 bytes), align: 0
  Segment part 3.             Intra module refs:   ?V3
           ENTRY                   ADDRESS         REF BY
           =====                   =======         ======
           ?V2                     0000000A        UART0SetBaud(unsigned long) (UART)
                                                   delay_5us(unsigned long) (Generic)
                                                   delay_ms(unsigned long) (Generic)
    -------------------------------------------------------------------------
VREG
  Relative segment, address: DATA 0000000B - 0000000B (0x1 bytes), align: 0
  Segment part 4.             Intra module refs:   ?V4
           ENTRY                   ADDRESS         REF BY
           =====                   =======         ======
           ?V3                     0000000B        UART0SetBaud(unsigned long) (UART)
                                                   delay_5us(unsigned long) (Generic)
                                                   delay_ms(unsigned long) (Generic)
    -------------------------------------------------------------------------
VREG
  Relative segment, address: DATA 0000000C - 0000000C (0x1 bytes), align: 0
  Segment part 5.             Intra module refs:   ?V5
           ENTRY                   ADDRESS         REF BY
           =====                   =======         ======
           ?V4                     0000000C        delay_5us(unsigned long) (Generic)
                                                   delay_ms(unsigned long) (Generic)
    -------------------------------------------------------------------------
VREG
  Relative segment, address: DATA 0000000D - 0000000D (0x1 bytes), align: 0
  Segment part 6.             Intra module refs:   ?V6
           ENTRY                   ADDRESS         REF BY
           =====                   =======         ======
           ?V5                     0000000D        delay_5us(unsigned long) (Generic)
                                                   delay_ms(unsigned long) (Generic)
    -------------------------------------------------------------------------
VREG
  Relative segment, address: DATA 0000000E - 0000000E (0x1 bytes), align: 0
  Segment part 7.             Intra module refs:   ?V7
           ENTRY                   ADDRESS         REF BY
           =====                   =======         ======
           ?V6                     0000000E        delay_5us(unsigned long) (Generic)
                                                   delay_ms(unsigned long) (Generic)
    -------------------------------------------------------------------------
VREG
  Relative segment, address: DATA 0000000F - 0000000F (0x1 bytes), align: 0
  Segment part 8.
           ENTRY                   ADDRESS         REF BY
           =====                   =======         ======
           ?V7                     0000000F        delay_5us(unsigned long) (Generic)
                                                   delay_ms(unsigned long) (Generic)
    -------------------------------------------------------------------------
XSP
  Relative segment, address: DATA 00000010 - 00000011 (0x2 bytes), align: 0
  Segment part 34.
           ENTRY                   ADDRESS         REF BY
           =====                   =======         ======
           ?XSP                    00000010        ?BANKED_ENTER_XDATA (?BANKED_ENTER_XDATA)
                                                   ?BANKED_LEAVE_XDATA (?BANKED_LEAVE_XDATA)
                                                   ?INTERRUPT_ENTER_XSP (?INTERRUPT_ENTER_XSP)
                                                   ?INTERRUPT_LEAVE_XSP (?INTERRUPT_LEAVE_XSP)
                                                   ?RESET_XSP (CSTARTUP)

    -------------------------------------------------------------------------
  LIBRARY MODULE, NAME : ?exit

  SEGMENTS IN THE MODULE
  ======================
<BANKED_CODE> 1 (was BANKED_CODE)
  Relative segment, address: CODE 00000794 - 000007A1 (0xe bytes), align: 0
  Segment part 6.
           ENTRY                   ADDRESS         REF BY
           =====                   =======         ======
           exit                    00000794        ?call_main (?cmain)
               calls direct
               ISTACK = 00000000 ( 00000002 )

    -------------------------------------------------------------------------
  LIBRARY MODULE, NAME : ?BANKED_CODE_SUPPORT

  SEGMENTS IN THE MODULE
  ======================
CSTART
  Relative segment, address: CODE 0000007F - 0000009C (0x1e bytes), align: 0
  Segment part 0.
           ENTRY                   ADDRESS         REF BY
           =====                   =======         ======
           ?BCALL_FF               0000007F        ?call_main (?cmain)
                                                   Segment part 10 (?cexit)
           ?BRET_FF                00000085        ?BANKED_LEAVE_XDATA (?BANKED_LEAVE_XDATA)
                                                   GlobalInterruptSwitch(unsigned char) (GlobalINT)
                                                   Segment part 15 (ADC)
                                                   Segment part 20 (GPIO)
                                                   Segment part 28 (ADC)
                                                   Segment part 28 (UART)
                                                   Segment part 31 (ADC)
                                                   UART0AssignLocation(unsigned char) (UART)
                                                   UART0FillData(unsigned char) (UART)
                                                   UART0GetData() (UART)
                                                   UART0ModeSel(unsigned char) (UART)
                                                   URX0InterruptSwitch(unsigned char) (GlobalINT)
                                                   completedConvertion() (ADC)
                                                   echo() (main)
                                                   exit (?exit)
                                                   portDirect(unsigned char, unsigned char) (GPIO)
                                                   portFunction(unsigned char, unsigned char) (GPIO)
                                                   selectStartCondition(unsigned char) (ADC)
                                                   startConvertion() (ADC)
           ?BDISPATCH_FF           00000088        GlobalInterruptSwitch(unsigned char)::?relay (GlobalINT)
                                                   UART0AssignLocation(unsigned char)::?relay (UART)
                                                   UART0FillData(unsigned char)::?relay (UART)
                                                   UART0GetData()::?relay (UART)
                                                   UART0ModeSel(unsigned char)::?relay (UART)
                                                   UART0SetBaud(unsigned long)::?relay (UART)
                                                   UART0TranmissionCompleted()::?relay (UART)
                                                   URX0InterruptSwitch(unsigned char)::?relay (GlobalINT)
                                                   _exit::?relay (?cexit)
                                                   channelSeleted(unsigned char)::?relay (ADC)
                                                   completedConvertion()::?relay (ADC)
                                                   delay_5us(unsigned long)::?relay (Generic)
                                                   delay_ms(unsigned long)::?relay (Generic)
                                                   echo()::?relay (main)
                                                   enableADCPin(unsigned char)::?relay (ADC)
                                                   pinFunction(unsigned char, unsigned char)::?relay (GPIO)
                                                   portDirect(unsigned char, unsigned char)::?relay (GPIO)
                                                   portFunction(unsigned char, unsigned char)::?relay (GPIO)
                                                   readResult()::?relay (ADC)
                                                   referenceVoltage(unsigned char)::?relay (ADC)
                                                   selectDecimationRate(unsigned char)::?relay (ADC)
                                                   selectStartCondition(unsigned char)::?relay (ADC)
                                                   startConvertion()::?relay (ADC)

    -------------------------------------------------------------------------
  LIBRARY MODULE, NAME : ?L_EQ_C

  SEGMENTS IN THE MODULE
  ======================
RCODE
  Relative segment, address: CODE 00000137 - 0000014F (0x19 bytes), align: 0
  Segment part 1.
           ENTRY                   ADDRESS         REF BY
           =====                   =======         ======
           ?L_EQ_C                 00000137        Segment part 0 (?UL_JMP_IF_IN_RANGE)
                                                   Segment part 0 (?UL_JMP_IF_VALUE)

    -------------------------------------------------------------------------
  LIBRARY MODULE, NAME : ?UL_GT_C

  SEGMENTS IN THE MODULE
  ======================
RCODE
  Relative segment, address: CODE 00000150 - 00000163 (0x14 bytes), align: 0
  Segment part 1.
           ENTRY                   ADDRESS         REF BY
           =====                   =======         ======
           ?UL_GT_C                00000150        Segment part 0 (?UL_JMP_IF_IN_RANGE)

    -------------------------------------------------------------------------
  LIBRARY MODULE, NAME : ?L_ADD_X

  SEGMENTS IN THE MODULE
  ======================
RCODE
  Relative segment, address: CODE 00000164 - 00000176 (0x13 bytes), align: 0
  Segment part 1.
           ENTRY                   ADDRESS         REF BY
           =====                   =======         ======
           ?L_ADD_X                00000164        delay_5us(unsigned long) (Generic)
                                                   delay_ms(unsigned long) (Generic)

    -------------------------------------------------------------------------
  LIBRARY MODULE, NAME : ?XLOAD_R2345

  SEGMENTS IN THE MODULE
  ======================
RCODE
  Relative segment, address: CODE 00000177 - 00000182 (0xc bytes), align: 0
  Segment part 0.
           ENTRY                   ADDRESS         REF BY
           =====                   =======         ======
           ?XLOAD_R2345            00000177        delay_ms(unsigned long) (Generic)
                                                   main (main)

    -------------------------------------------------------------------------
  LIBRARY MODULE, NAME : ?SS_SHR

  SEGMENTS IN THE MODULE
  ======================
RCODE
  Relative segment, address: CODE 00000183 - 00000185 (0x3 bytes), align: 0
  Segment part 1.             Intra module refs:   Segment part 2
           ENTRY                   ADDRESS         REF BY
           =====                   =======         ======
           ?SS_SHR                 00000183        readResult() (ADC)
    -------------------------------------------------------------------------
RCODE
  Relative segment, address: CODE 00000186 - 00000192 (0xd bytes), align: 0
  Segment part 2.             Intra module refs:   ?SS_SHR

    -------------------------------------------------------------------------
  LIBRARY MODULE, NAME : ?S_SHL

  SEGMENTS IN THE MODULE
  ======================
RCODE
  Relative segment, address: CODE 00000193 - 00000195 (0x3 bytes), align: 0
  Segment part 0.
           ENTRY                   ADDRESS         REF BY
           =====                   =======         ======
           ?S_SHL                  00000193        enableADCPin(unsigned char) (ADC)
                                                   pinFunction(unsigned char, unsigned char) (GPIO)
    -------------------------------------------------------------------------
RCODE
  Relative segment, address: CODE 00000196 - 00000198 (0x3 bytes), align: 0
  Segment part 1.             Intra module refs:   Segment part 2
           ENTRY                   ADDRESS         REF BY
           =====                   =======         ======
           ?S_SHL_REW              00000196 
    -------------------------------------------------------------------------
RCODE
  Relative segment, address: CODE 00000199 - 000001A5 (0xd bytes), align: 0
  Segment part 2.             Intra module refs:   ?S_SHL
                                                   ?S_SHL_REW

    -------------------------------------------------------------------------
  LIBRARY MODULE, NAME : ?BANKED_ENTER_XDATA

  SEGMENTS IN THE MODULE
  ======================
RCODE
  Relative segment, address: CODE 000001A6 - 00000211 (0x6c bytes), align: 0
  Segment part 1.
           ENTRY                   ADDRESS         REF BY
           =====                   =======         ======
           ?BANKED_ENTER_XDATA     000001A6        UART0SetBaud(unsigned long) (UART)
                                                   delay_5us(unsigned long) (Generic)
                                                   delay_ms(unsigned long) (Generic)
                                                   readResult() (ADC)

    -------------------------------------------------------------------------
  LIBRARY MODULE, NAME : ?BANKED_LEAVE_XDATA

  SEGMENTS IN THE MODULE
  ======================
RCODE
  Relative segment, address: CODE 00000212 - 00000257 (0x46 bytes), align: 0
  Segment part 1.
           ENTRY                   ADDRESS         REF BY
           =====                   =======         ======
           ?BANKED_LEAVE_XDATA     00000212        Segment part 12 (Generic)
                                                   Segment part 34 (UART)
                                                   readResult() (ADC)

    -------------------------------------------------------------------------
  LIBRARY MODULE, NAME : ?INTERRUPT_ENTER_XSP

  SEGMENTS IN THE MODULE
  ======================
RCODE
  Relative segment, address: CODE 00000258 - 000002B6 (0x5f bytes), align: 0
  Segment part 1.
           ENTRY                   ADDRESS         REF BY
           =====                   =======         ======
           ?INTERRUPT_ENTER_XSP    00000258        urx0Int0() (main)

    -------------------------------------------------------------------------
  LIBRARY MODULE, NAME : ?INTERRUPT_LEAVE_XSP

  SEGMENTS IN THE MODULE
  ======================
RCODE
  Relative segment, address: CODE 000002B7 - 0000030E (0x58 bytes), align: 0
  Segment part 1.
           ENTRY                   ADDRESS         REF BY
           =====                   =======         ======
           ?INTERRUPT_LEAVE_XSP    000002B7        urx0Int0() (main)

    -------------------------------------------------------------------------
  LIBRARY MODULE, NAME : ?UL_SWITCH_SPARSE

  SEGMENTS IN THE MODULE
  ======================
RCODE
  Relative segment, address: CODE 0000030F - 0000031E (0x10 bytes), align: 0
  Segment part 0.
           ENTRY                   ADDRESS         REF BY
           =====                   =======         ======
           ?UL_SWITCH_SPARSE       0000030F        UART0SetBaud(unsigned long) (UART)
           ?UL_SS_CFI_INV_BEGINS   0000030F 
    -------------------------------------------------------------------------
RCODE
  Relative segment, address: CODE 0000031F - 00000389 (0x6b bytes), align: 0
  Segment part 2.             Intra module refs:   Segment part 0
           ENTRY                   ADDRESS         REF BY
           =====                   =======         ======
           ?UL_SWITCH_SPARSE_LEAVE
                                   00000375        Segment part 0 (?UL_JMP_IF_IN_RANGE)
                                                   Segment part 0 (?UL_JMP_IF_VALUE)
    -------------------------------------------------------------------------
RCODE
  Relative segment, address: CODE 0000038A - 0000038A (0x1 bytes), align: 0
  Segment part 4.             Intra module refs:   Segment part 0
           ENTRY                   ADDRESS         REF BY
           =====                   =======         ======
           ?UL_SS_CFI_INV_ENDS     0000038B 

    -------------------------------------------------------------------------
  LIBRARY MODULE, NAME : ?UL_JMP_IF_IN_RANGE

  SEGMENTS IN THE MODULE
  ======================
RCODE
  Relative segment, address: CODE 0000038B - 000003C7 (0x3d bytes), align: 0
  Segment part 0.
           ENTRY                   ADDRESS         REF BY
           =====                   =======         ======
           ?UL_JMP_IF_IN_RANGE     0000038B        ?UL_SWITCH_SPARSE_LEAVE (?UL_SWITCH_SPARSE)
           ?UL_JR_CFI_INV_BEGINS   0000038B 
           ?UL_JR_CFI_INV_ENDS     000003C8 

    -------------------------------------------------------------------------
  LIBRARY MODULE, NAME : ?UL_JMP_IF_VALUE

  SEGMENTS IN THE MODULE
  ======================
RCODE
  Relative segment, address: CODE 000003C8 - 000003EA (0x23 bytes), align: 0
  Segment part 0.
           ENTRY                   ADDRESS         REF BY
           =====                   =======         ======
           ?UL_JMP_IF_VALUE        000003C8        ?UL_SWITCH_SPARSE_LEAVE (?UL_SWITCH_SPARSE)
           ?UL_JMP_IF_VALUE_CFI_INV_BEGINS
                                   000003C8 
           ?UL_JMP_IF_VALUE_CFI_INV_ENDS
                                   000003EB 

    -------------------------------------------------------------------------
  LIBRARY MODULE, NAME : ?__exit

  SEGMENTS IN THE MODULE
  ======================
<BANKED_CODE> 1 (was BANKED_CODE)
  Relative segment, address: CODE 000007A2 - 000007A3 (0x2 bytes), align: 0
  Segment part 6.
           ENTRY                   ADDRESS         REF BY
           =====                   =======         ======
           __exit                  000007A2        Segment part 10 (?cexit)




                ****************************************
                *                                      *
                *      SEGMENTS IN ADDRESS ORDER       *
                *                                      *
                ****************************************


SEGMENT              SPACE    START ADDRESS   END ADDRESS     SIZE  TYPE  ALIGN
=======              =====    =============   ===========     ====  ====  =====
INTVEC               CODE          00000000 - 00000015          16   com    0
CSTART               CODE          00000016 - 0000009C          87   rel    0
DATA_ID              CODE               0000009D                     dse    0
BDATA_ID             CODE               0000009D                     dse    0
BIT_ID               CODE               0000009D                     dse    0
IDATA_ID             CODE               0000009D                     dse    0
PDATA_ID             CODE               0000009D                     dse    0
IXDATA_ID            CODE               0000009D                     dse    0
XDATA_ID             CODE          0000009D - 000000AC          10   rel    0
BANK_RELAYS          CODE          000000AD - 00000136          8A   rel    0
RCODE                CODE          00000137 - 000003EA         2B4   rel    0
CODE_N               CODE               000003EB                     dse    0
CODE_C               CODE               000003EB                     dse    0
DIFUNCT              CODE               000003EB                     rel    0
NEAR_CODE            CODE          000003EB - 000003F9           F   rel    0
<BANKED_CODE> 1      CODE          000003FA - 000007A3         3AA   rel    0
REGISTERS            DATA          00000000 - 00000007           8   rel    0
VREG                 DATA          00000008 - 0000000F           8   rel    0
PSP                  DATA               00000010                     dse    0
XSP                  DATA          00000010 - 00000011           2   rel    0
BREG                 BIT        00000020.0  -  00000020.7        8   rel    0
SFR_AN               DATA          00000080 - 00000080           1   rel    0
                     DATA          00000086 - 00000086           1 
                     DATA          00000089 - 0000008D           5 
                     DATA          0000008F - 00000090           2 
                     DATA          0000009A - 0000009A           1 
                     DATA          000000A0 - 000000A0           1 
                     DATA          000000A8 - 000000A8           1 
                     DATA          000000AB - 000000AC           2 
                     DATA          000000B4 - 000000B6           3 
                     DATA          000000B8 - 000000B8           1 
                     DATA          000000BA - 000000BB           2 
                     DATA          000000C0 - 000000C2           3 
                     DATA          000000C5 - 000000C6           2 
                     DATA          000000E8 - 000000E8           1 
                     DATA          000000F1 - 000000FA           A 
                     DATA          000000FC - 000000FF           4 
XSTACK               XDATA         00000001 - 00000FFF         FFF   rel    0
XDATA_Z              XDATA         00001000 - 00001001           2   rel    0
XDATA_I              XDATA         00001002 - 00001011          10   rel    0
ISTACK               IDATA         000000C0 - 000000FF          40   rel    0

                ****************************************
                *                                      *
                *        END OF CROSS REFERENCE        *
                *                                      *
                ****************************************

 1 956 bytes of CODE  memory
    18 bytes of DATA  memory (+ 40 absolute )
 4 113 bytes of XDATA memory
    64 bytes of IDATA memory
     8 bits  of BIT   memory

Errors: none
Warnings: none

